current directory: /Users/pramana/Library/CloudStorage/OneDrive-MemorialSloanKetteringCancerCenter/Documents/anikpram.github.io/vendor/bundle/ruby/3.4.0/gems/date-3.4.1/ext/date
/opt/homebrew/opt/ruby/bin/ruby extconf.rb
checking for rb_category_warn()... yes
checking for timezone in time.h with -Werror... yes
checking for altzone in time.h with -Werror... no
creating Makefile

current directory: /Users/pramana/Library/CloudStorage/OneDrive-MemorialSloanKetteringCancerCenter/Documents/anikpram.github.io/vendor/bundle/ruby/3.4.0/gems/date-3.4.1/ext/date
make DESTDIR\= sitearchdir\=./.gem.20250901-7698-er40at sitelibdir\=./.gem.20250901-7698-er40at clean

current directory: /Users/pramana/Library/CloudStorage/OneDrive-MemorialSloanKetteringCancerCenter/Documents/anikpram.github.io/vendor/bundle/ruby/3.4.0/gems/date-3.4.1/ext/date
make DESTDIR\= sitearchdir\=./.gem.20250901-7698-er40at sitelibdir\=./.gem.20250901-7698-er40at
compiling date_core.c
compiling date_parse.c
compiling date_strftime.c
compiling date_strptime.c
linking shared-object date_core.bundle
ld: warning: search path '/opt/homebrew/Cellar/openssl@3/3.5.1/lib' not found
ld: warning: search path '/opt/homebrew/Cellar/openssl@3/3.5.1/lib' not found

current directory: /Users/pramana/Library/CloudStorage/OneDrive-MemorialSloanKetteringCancerCenter/Documents/anikpram.github.io/vendor/bundle/ruby/3.4.0/gems/date-3.4.1/ext/date
make DESTDIR\= sitearchdir\=./.gem.20250901-7698-er40at sitelibdir\=./.gem.20250901-7698-er40at install
/usr/bin/install -c -m 0755 date_core.bundle ./.gem.20250901-7698-er40at

current directory: /Users/pramana/Library/CloudStorage/OneDrive-MemorialSloanKetteringCancerCenter/Documents/anikpram.github.io/vendor/bundle/ruby/3.4.0/gems/date-3.4.1/ext/date
make DESTDIR\= sitearchdir\=./.gem.20250901-7698-er40at sitelibdir\=./.gem.20250901-7698-er40at clean
